[lichsugia.com/index.html]
[backblue.gif]
[fade.gif]
[index.html]
[lichsugia.com/assets/cover.png]
[lichsugia.com/manifest.json]
[lichsugia.com/assets/logo_1x1.png]
[lichsugia.com/assets/favicon.png]
[cdnjs.cloudflare.com/ajax/libs/font-awesome/5.15.3/css/all.min.css]
[cdnjs.cloudflare.com/ajax/libs/cookieconsent/3.1.1/cookieconsent.min.css]
[lichsugia.com/assets/vendor/aos/aos.css]
[lichsugia.com/assets/vendor/sweetalert2/sweetalert2.min.css]
[lichsugia.com/assets/stylesheets/theme.min.css]
[lichsugia.com/assets/stylesheets/custome1e2.css]
[cdnjs.cloudflare.com/ajax/libs/jquery/3.6.1/jquery.min.js]
[cdnjs.cloudflare.com/ajax/libs/popper.js/1.14.3/umd/popper.min.js]
[stackpath.bootstrapcdn.com/bootstrap/4.1.3/js/bootstrap.min.js]
[lichsugia.com/app-load76bd.js]
[lichsugia.com/assets/logo.png]
[lichsugia.com/login.html]
[lichsugia.com/pages/support.html]
[lichsugia.com/assets/images/illustration/financial_data.svg]
[lichsugia.com/process_lsg.html]
[lichsugia.com/pages/privacy.html]
[lichsugia.com/pages/terms.html]
[cdnjs.cloudflare.com/ajax/libs/lazysizes/5.3.2/lazysizes.min.js]
[cdnjs.cloudflare.com/ajax/libs/js-cookie/2.2.1/js.cookie.min.js]
[cdnjs.cloudflare.com/ajax/libs/cookieconsent/3.1.1/cookieconsent.min.js]
[lichsugia.com/assets/vendor/aos/aos.js]
[lichsugia.com/assets/vendor/sweetalert2/sweetalert2.min.js]
[cdnjs.cloudflare.com/ajax/libs/Chart.js/3.5.1/chart.min.js]
[cdn.jsdelivr.net/npm/chartjs-adapter-date-fns/dist/chartjs-adapter-date-fns.bundle.min.js]
[cdnjs.cloudflare.com/ajax/libs/chartjs-plugin-annotation/1.0.2/chartjs-plugin-annotation.min.js]
[lichsugia.com/assets/javascript/theme.min.js]
[lichsugia.com/assets/javascript/pages/cookieconsent-demo.js]
[lichsugia.com/index.html]
[cdnjs.cloudflare.com/ajax/libs/font-awesome/5.15.3/css/all.min.css]
[cdnjs.cloudflare.com/ajax/libs/cookieconsent/3.1.1/cookieconsent.min.css]
[lichsugia.com/assets/vendor/aos/aos.css]
[lichsugia.com/assets/vendor/sweetalert2/sweetalert2.min.css]
[lichsugia.com/assets/stylesheets/theme.min.css]
[lichsugia.com/assets/stylesheets/custome1e2.css]
[cdn.onesignal.com/sdks/OneSignalSDK.js]
[lichsugia.com/app-load76bd.js]
[lichsugia.com/account/index.html]
[code.jquery.com/jquery-3.5.1.min.js]
[lichsugia.com/assets/stylesheets/custom9a64.css]
[lichsugia.com/assets/vendor/js-cookie/js.cookie.min.js]
[www.gstatic.com/firebasejs/7.21.0/firebase-app.js]
[www.gstatic.com/firebasejs/7.21.0/firebase-auth.js]
[www.gstatic.com/firebasejs/7.21.0/firebase-analytics.js]
[lichsugia.com/assets/javascript/init-firebasee215.js]
[www.gstatic.com/firebasejs/ui/4.6.1/firebase-ui-auth__vi.js]
[lichsugia.com/assets/vendor/particles.js/particles.min.js]
[lichsugia.com/login.html]
[lichsugia.com/pages/support.html]
[lichsugia.com/assets/images/illustration/financial_data.svg]
[lichsugia.com/process_lsg.html]
[lichsugia.com/pages/privacy.html]
[lichsugia.com/assets/stylesheets/customfffb.css]
[lichsugia.com/pages/terms.html]
[lichsugia.com/assets/vendor/aos/aos.js]
[lichsugia.com/assets/vendor/sweetalert2/sweetalert2.min.js]
[lichsugia.com/assets/javascript/theme.min.js]
[lichsugia.com/assets/javascript/pages/cookieconsent-demo.js]
[www.gstatic.com/images/icons/material/system/2x/done_googgreen_36dp.png]
[www.gstatic.com/images/icons/material/system/1x/arrow_drop_down_grey600_18dp.png]
[www.gstatic.com/firebasejs/ui/2.0.0/images/auth/flags_sprite_2x.png]
[www.gstatic.com/images/icons/material/system/1x/visibility_black_24dp.png]
[www.gstatic.com/images/icons/material/system/1x/visibility_off_black_24dp.png]
[www.gstatic.com/firebasejs/ui/2.0.0/images/auth/success_status.png]
[www.gstatic.com/firebasejs/ui/4.6.1/firebase-ui-auth.css]
[lichsugia.com/assets/stylesheets/custom9a64.css]
[lichsugia.com/assets/vendor/js-cookie/js.cookie.min.js]
[lichsugia.com/assets/javascript/init-firebasee215.js]
[lichsugia.com/assets/vendor/particles.js/particles.min.js]
[lichsugia.com/privacy.html]
[lichsugia.com/assets/stylesheets/customfffb.css]
[lichsugia.com/terms.html]
[lichsugia.com/dist/index.html]
[lichsugia.com/OPR/index.html]
[lichsugia.com/GET.html]
